---
source: crates/remind-me-to-cli/tests/cli.rs
info:
  program: remind-me-to
  args:
    - "--color"
    - never
    - check
    - "--dry-run"
    - /tmp/.tmpC8Oo4X/single.rs
  env:
    GH_TOKEN: ""
    GITHUB_TOKEN: ""
    NO_COLOR: "1"
    RUST_LOG: "off"
---
success: true
exit_code: 0
----- stdout -----
Found 1 reminder(s) (dry run, no conditions checked):

[DIR]/single.rs:1 update
  pr_merged=github:owner/repo#42


----- stderr -----
