---
source: crates/remind-me-to-cli/tests/cli.rs
info:
  program: remind-me-to
  args:
    - "--color"
    - never
    - check
    - "--dry-run"
    - /tmp/.tmpl1mS08/test.py
  env:
    GH_TOKEN: ""
    GITHUB_TOKEN: ""
    NO_COLOR: "1"
    RUST_LOG: "off"
---
success: true
exit_code: 0
----- stdout -----
Found 1 reminder(s) (dry run, no conditions checked):

[DIR]/test.py:1 python
  tag_exists=github:c/d@>=1.0


----- stderr -----
